2025/03/17 09:01:05 [error] [exception.ParseError] ParseError: syntax error, unexpected '\' (T_NS_SEPARATOR) in C:\xampp\htdocs\yiiblog\protected\models\Tag.php:150
Stack trace:
#0 [internal function]: YiiBase::autoload('Tag')
#1 C:\xampp\htdocs\yiiblog\protected\components\TagCloud.php(11): spl_autoload_call('Tag')
#2 C:\xampp\htdocs\yiiblog\framework\zii\widgets\CPortlet.php(97): TagCloud->renderContent()
#3 C:\xampp\htdocs\yiiblog\framework\web\CBaseController.php(182): CPortlet->run()
#4 C:\xampp\htdocs\yiiblog\protected\views\layouts\column2.php(12): CBaseController->widget('TagCloud', Array)
#5 C:\xampp\htdocs\yiiblog\framework\web\CBaseController.php(126): require('C:\\xampp\\htdocs...')
#6 C:\xampp\htdocs\yiiblog\framework\web\CBaseController.php(95): CBaseController->renderInternal('C:\\xampp\\htdocs...', Array, true)
#7 C:\xampp\htdocs\yiiblog\framework\web\CController.php(787): CBaseController->renderFile('C:\\xampp\\htdocs...', Array, true)
#8 C:\xampp\htdocs\yiiblog\protected\controllers\CommentController.php(139): CController->render('index', Array)
#9 C:\xampp\htdocs\yiiblog\framework\web\actions\CInlineAction.php(49): CommentController->actionIndex()
#10 C:\xampp\htdocs\yiiblog\framework\web\CController.php(308): CInlineAction->runWithParams(Array)
#11 C:\xampp\htdocs\yiiblog\framework\web\filters\CFilterChain.php(134): CController->runAction(Object(CInlineAction))
#12 C:\xampp\htdocs\yiiblog\framework\web\filters\CFilter.php(40): CFilterChain->run()
#13 C:\xampp\htdocs\yiiblog\framework\web\CController.php(1148): CFilter->filter(Object(CFilterChain))
#14 C:\xampp\htdocs\yiiblog\framework\web\filters\CInlineFilter.php(58): CController->filterAccessControl(Object(CFilterChain))
#15 C:\xampp\htdocs\yiiblog\framework\web\filters\CFilterChain.php(131): CInlineFilter->filter(Object(CFilterChain))
#16 C:\xampp\htdocs\yiiblog\framework\web\CController.php(291): CFilterChain->run()
#17 C:\xampp\htdocs\yiiblog\framework\web\CController.php(265): CController->runActionWithFilters(Object(CInlineAction), Array)
#18 C:\xampp\htdocs\yiiblog\framework\web\CWebApplication.php(282): CController->run('index')
#19 C:\xampp\htdocs\yiiblog\framework\web\CWebApplication.php(141): CWebApplication->runController('comment/index')
#20 C:\xampp\htdocs\yiiblog\framework\base\CApplication.php(185): CWebApplication->processRequest()
#21 C:\xampp\htdocs\yiiblog\index.php(13): CApplication->run()
#22 {main}
REQUEST_URI=/yiiblog/index.php/comment/index
HTTP_REFERER=http://localhost/yiiblog/index.php/post/admin
---
2025/03/17 09:02:35 [error] [php] Undefined variable: tagWeigths (C:\xampp\htdocs\yiiblog\protected\models\Tag.php:152)
Stack trace:
#0 C:\xampp\htdocs\yiiblog\protected\components\TagCloud.php(11): Tag->findTagWeights()
#1 C:\xampp\htdocs\yiiblog\framework\zii\widgets\CPortlet.php(97): TagCloud->renderContent()
#2 C:\xampp\htdocs\yiiblog\framework\web\CBaseController.php(182): TagCloud->run()
#3 C:\xampp\htdocs\yiiblog\protected\views\layouts\column2.php(12): CommentController->widget()
#4 C:\xampp\htdocs\yiiblog\framework\web\CBaseController.php(126): require()
#5 C:\xampp\htdocs\yiiblog\framework\web\CBaseController.php(95): CommentController->renderInternal()
#6 C:\xampp\htdocs\yiiblog\framework\web\CController.php(787): CommentController->renderFile()
#7 C:\xampp\htdocs\yiiblog\protected\controllers\CommentController.php(139): CommentController->render()
#8 C:\xampp\htdocs\yiiblog\framework\web\actions\CInlineAction.php(49): CommentController->actionIndex()
#9 C:\xampp\htdocs\yiiblog\framework\web\CController.php(308): CInlineAction->runWithParams()
#10 C:\xampp\htdocs\yiiblog\framework\web\filters\CFilterChain.php(134): CommentController->runAction()
#11 C:\xampp\htdocs\yiiblog\framework\web\filters\CFilter.php(40): CFilterChain->run()
#12 C:\xampp\htdocs\yiiblog\framework\web\CController.php(1148): CAccessControlFilter->filter()
#13 C:\xampp\htdocs\yiiblog\framework\web\filters\CInlineFilter.php(58): CommentController->filterAccessControl()
#14 C:\xampp\htdocs\yiiblog\framework\web\filters\CFilterChain.php(131): CInlineFilter->filter()
#15 C:\xampp\htdocs\yiiblog\framework\web\CController.php(291): CFilterChain->run()
#16 C:\xampp\htdocs\yiiblog\framework\web\CController.php(265): CommentController->runActionWithFilters()
#17 C:\xampp\htdocs\yiiblog\framework\web\CWebApplication.php(282): CommentController->run()
#18 C:\xampp\htdocs\yiiblog\framework\web\CWebApplication.php(141): CWebApplication->runController()
#19 C:\xampp\htdocs\yiiblog\framework\base\CApplication.php(185): CWebApplication->processRequest()
#20 C:\xampp\htdocs\yiiblog\index.php(13): CWebApplication->run()
REQUEST_URI=/yiiblog/index.php/comment/index
in C:\xampp\htdocs\yiiblog\protected\models\Tag.php (152)
in C:\xampp\htdocs\yiiblog\protected\components\TagCloud.php (11)
in C:\xampp\htdocs\yiiblog\protected\views\layouts\column2.php (12)
2025/03/17 09:08:18 [error] [php] include(RecentComments.php): failed to open stream: No such file or directory (C:\xampp\htdocs\yiiblog\framework\YiiBase.php:463)
Stack trace:
#0 C:\xampp\htdocs\yiiblog\framework\YiiBase.php(463): include()
#1 unknown(0): autoload()
#2 unknown(0): spl_autoload_call()
#3 C:\xampp\htdocs\yiiblog\framework\YiiBase.php(310): class_exists()
#4 C:\xampp\htdocs\yiiblog\framework\web\CWidgetFactory.php(146): import()
#5 C:\xampp\htdocs\yiiblog\framework\web\CBaseController.php(146): CWidgetFactory->createWidget()
#6 C:\xampp\htdocs\yiiblog\framework\web\CBaseController.php(181): CommentController->createWidget()
#7 C:\xampp\htdocs\yiiblog\protected\views\layouts\column2.php(17): CommentController->widget()
#8 C:\xampp\htdocs\yiiblog\framework\web\CBaseController.php(126): require()
#9 C:\xampp\htdocs\yiiblog\framework\web\CBaseController.php(95): CommentController->renderInternal()
#10 C:\xampp\htdocs\yiiblog\framework\web\CController.php(787): CommentController->renderFile()
#11 C:\xampp\htdocs\yiiblog\protected\controllers\CommentController.php(139): CommentController->render()
#12 C:\xampp\htdocs\yiiblog\framework\web\actions\CInlineAction.php(49): CommentController->actionIndex()
#13 C:\xampp\htdocs\yiiblog\framework\web\CController.php(308): CInlineAction->runWithParams()
#14 C:\xampp\htdocs\yiiblog\framework\web\filters\CFilterChain.php(134): CommentController->runAction()
#15 C:\xampp\htdocs\yiiblog\framework\web\filters\CFilter.php(40): CFilterChain->run()
#16 C:\xampp\htdocs\yiiblog\framework\web\CController.php(1148): CAccessControlFilter->filter()
#17 C:\xampp\htdocs\yiiblog\framework\web\filters\CInlineFilter.php(58): CommentController->filterAccessControl()
#18 C:\xampp\htdocs\yiiblog\framework\web\filters\CFilterChain.php(131): CInlineFilter->filter()
#19 C:\xampp\htdocs\yiiblog\framework\web\CController.php(291): CFilterChain->run()
#20 C:\xampp\htdocs\yiiblog\framework\web\CController.php(265): CommentController->runActionWithFilters()
#21 C:\xampp\htdocs\yiiblog\framework\web\CWebApplication.php(282): CommentController->run()
#22 C:\xampp\htdocs\yiiblog\framework\web\CWebApplication.php(141): CWebApplication->runController()
#23 C:\xampp\htdocs\yiiblog\framework\base\CApplication.php(185): CWebApplication->processRequest()
#24 C:\xampp\htdocs\yiiblog\index.php(13): CWebApplication->run()
REQUEST_URI=/yiiblog/index.php/comment/index
in C:\xampp\htdocs\yiiblog\protected\views\layouts\column2.php (17)
in C:\xampp\htdocs\yiiblog\protected\controllers\CommentController.php (139)
in C:\xampp\htdocs\yiiblog\index.php (13)
2025/03/17 09:08:53 [error] [php] include(RecentComments.php): failed to open stream: No such file or directory (C:\xampp\htdocs\yiiblog\framework\YiiBase.php:463)
Stack trace:
#0 C:\xampp\htdocs\yiiblog\framework\YiiBase.php(463): include()
#1 unknown(0): autoload()
#2 unknown(0): spl_autoload_call()
#3 C:\xampp\htdocs\yiiblog\framework\YiiBase.php(310): class_exists()
#4 C:\xampp\htdocs\yiiblog\framework\web\CWidgetFactory.php(146): import()
#5 C:\xampp\htdocs\yiiblog\framework\web\CBaseController.php(146): CWidgetFactory->createWidget()
#6 C:\xampp\htdocs\yiiblog\framework\web\CBaseController.php(181): CommentController->createWidget()
#7 C:\xampp\htdocs\yiiblog\protected\views\layouts\column2.php(17): CommentController->widget()
#8 C:\xampp\htdocs\yiiblog\framework\web\CBaseController.php(126): require()
#9 C:\xampp\htdocs\yiiblog\framework\web\CBaseController.php(95): CommentController->renderInternal()
#10 C:\xampp\htdocs\yiiblog\framework\web\CController.php(787): CommentController->renderFile()
#11 C:\xampp\htdocs\yiiblog\protected\controllers\CommentController.php(139): CommentController->render()
#12 C:\xampp\htdocs\yiiblog\framework\web\actions\CInlineAction.php(49): CommentController->actionIndex()
#13 C:\xampp\htdocs\yiiblog\framework\web\CController.php(308): CInlineAction->runWithParams()
#14 C:\xampp\htdocs\yiiblog\framework\web\filters\CFilterChain.php(134): CommentController->runAction()
#15 C:\xampp\htdocs\yiiblog\framework\web\filters\CFilter.php(40): CFilterChain->run()
#16 C:\xampp\htdocs\yiiblog\framework\web\CController.php(1148): CAccessControlFilter->filter()
#17 C:\xampp\htdocs\yiiblog\framework\web\filters\CInlineFilter.php(58): CommentController->filterAccessControl()
#18 C:\xampp\htdocs\yiiblog\framework\web\filters\CFilterChain.php(131): CInlineFilter->filter()
#19 C:\xampp\htdocs\yiiblog\framework\web\CController.php(291): CFilterChain->run()
#20 C:\xampp\htdocs\yiiblog\framework\web\CController.php(265): CommentController->runActionWithFilters()
#21 C:\xampp\htdocs\yiiblog\framework\web\CWebApplication.php(282): CommentController->run()
#22 C:\xampp\htdocs\yiiblog\framework\web\CWebApplication.php(141): CWebApplication->runController()
#23 C:\xampp\htdocs\yiiblog\framework\base\CApplication.php(185): CWebApplication->processRequest()
#24 C:\xampp\htdocs\yiiblog\index.php(13): CWebApplication->run()
REQUEST_URI=/yiiblog/index.php/comment/index
in C:\xampp\htdocs\yiiblog\protected\views\layouts\column2.php (17)
in C:\xampp\htdocs\yiiblog\protected\controllers\CommentController.php (139)
in C:\xampp\htdocs\yiiblog\index.php (13)
2025/03/17 09:09:26 [error] [php] include(RecentComments.php): failed to open stream: No such file or directory (C:\xampp\htdocs\yiiblog\framework\YiiBase.php:463)
Stack trace:
#0 C:\xampp\htdocs\yiiblog\framework\YiiBase.php(463): include()
#1 unknown(0): autoload()
#2 unknown(0): spl_autoload_call()
#3 C:\xampp\htdocs\yiiblog\framework\YiiBase.php(310): class_exists()
#4 C:\xampp\htdocs\yiiblog\framework\web\CWidgetFactory.php(146): import()
#5 C:\xampp\htdocs\yiiblog\framework\web\CBaseController.php(146): CWidgetFactory->createWidget()
#6 C:\xampp\htdocs\yiiblog\framework\web\CBaseController.php(181): CommentController->createWidget()
#7 C:\xampp\htdocs\yiiblog\protected\views\layouts\column2.php(17): CommentController->widget()
#8 C:\xampp\htdocs\yiiblog\framework\web\CBaseController.php(126): require()
#9 C:\xampp\htdocs\yiiblog\framework\web\CBaseController.php(95): CommentController->renderInternal()
#10 C:\xampp\htdocs\yiiblog\framework\web\CController.php(787): CommentController->renderFile()
#11 C:\xampp\htdocs\yiiblog\protected\controllers\CommentController.php(139): CommentController->render()
#12 C:\xampp\htdocs\yiiblog\framework\web\actions\CInlineAction.php(49): CommentController->actionIndex()
#13 C:\xampp\htdocs\yiiblog\framework\web\CController.php(308): CInlineAction->runWithParams()
#14 C:\xampp\htdocs\yiiblog\framework\web\filters\CFilterChain.php(134): CommentController->runAction()
#15 C:\xampp\htdocs\yiiblog\framework\web\filters\CFilter.php(40): CFilterChain->run()
#16 C:\xampp\htdocs\yiiblog\framework\web\CController.php(1148): CAccessControlFilter->filter()
#17 C:\xampp\htdocs\yiiblog\framework\web\filters\CInlineFilter.php(58): CommentController->filterAccessControl()
#18 C:\xampp\htdocs\yiiblog\framework\web\filters\CFilterChain.php(131): CInlineFilter->filter()
#19 C:\xampp\htdocs\yiiblog\framework\web\CController.php(291): CFilterChain->run()
#20 C:\xampp\htdocs\yiiblog\framework\web\CController.php(265): CommentController->runActionWithFilters()
#21 C:\xampp\htdocs\yiiblog\framework\web\CWebApplication.php(282): CommentController->run()
#22 C:\xampp\htdocs\yiiblog\framework\web\CWebApplication.php(141): CWebApplication->runController()
#23 C:\xampp\htdocs\yiiblog\framework\base\CApplication.php(185): CWebApplication->processRequest()
#24 C:\xampp\htdocs\yiiblog\index.php(13): CWebApplication->run()
REQUEST_URI=/yiiblog/index.php/comment/index
in C:\xampp\htdocs\yiiblog\protected\views\layouts\column2.php (17)
in C:\xampp\htdocs\yiiblog\protected\controllers\CommentController.php (139)
in C:\xampp\htdocs\yiiblog\index.php (13)
2025/03/17 09:09:29 [error] [php] include(RecentComments.php): failed to open stream: No such file or directory (C:\xampp\htdocs\yiiblog\framework\YiiBase.php:463)
Stack trace:
#0 C:\xampp\htdocs\yiiblog\framework\YiiBase.php(463): include()
#1 unknown(0): autoload()
#2 unknown(0): spl_autoload_call()
#3 C:\xampp\htdocs\yiiblog\framework\YiiBase.php(310): class_exists()
#4 C:\xampp\htdocs\yiiblog\framework\web\CWidgetFactory.php(146): import()
#5 C:\xampp\htdocs\yiiblog\framework\web\CBaseController.php(146): CWidgetFactory->createWidget()
#6 C:\xampp\htdocs\yiiblog\framework\web\CBaseController.php(181): PostController->createWidget()
#7 C:\xampp\htdocs\yiiblog\protected\views\layouts\column2.php(17): PostController->widget()
#8 C:\xampp\htdocs\yiiblog\framework\web\CBaseController.php(126): require()
#9 C:\xampp\htdocs\yiiblog\framework\web\CBaseController.php(95): PostController->renderInternal()
#10 C:\xampp\htdocs\yiiblog\framework\web\CController.php(787): PostController->renderFile()
#11 C:\xampp\htdocs\yiiblog\protected\controllers\PostController.php(159): PostController->render()
#12 C:\xampp\htdocs\yiiblog\framework\web\actions\CInlineAction.php(49): PostController->actionAdmin()
#13 C:\xampp\htdocs\yiiblog\framework\web\CController.php(308): CInlineAction->runWithParams()
#14 C:\xampp\htdocs\yiiblog\framework\web\filters\CFilterChain.php(134): PostController->runAction()
#15 C:\xampp\htdocs\yiiblog\framework\web\filters\CFilter.php(40): CFilterChain->run()
#16 C:\xampp\htdocs\yiiblog\framework\web\CController.php(1148): CAccessControlFilter->filter()
#17 C:\xampp\htdocs\yiiblog\framework\web\filters\CInlineFilter.php(58): PostController->filterAccessControl()
#18 C:\xampp\htdocs\yiiblog\framework\web\filters\CFilterChain.php(131): CInlineFilter->filter()
#19 C:\xampp\htdocs\yiiblog\framework\web\CController.php(291): CFilterChain->run()
#20 C:\xampp\htdocs\yiiblog\framework\web\CController.php(265): PostController->runActionWithFilters()
#21 C:\xampp\htdocs\yiiblog\framework\web\CWebApplication.php(282): PostController->run()
#22 C:\xampp\htdocs\yiiblog\framework\web\CWebApplication.php(141): CWebApplication->runController()
#23 C:\xampp\htdocs\yiiblog\framework\base\CApplication.php(185): CWebApplication->processRequest()
#24 C:\xampp\htdocs\yiiblog\index.php(13): CWebApplication->run()
REQUEST_URI=/yiiblog/index.php/post/admin
in C:\xampp\htdocs\yiiblog\protected\views\layouts\column2.php (17)
in C:\xampp\htdocs\yiiblog\protected\controllers\PostController.php (159)
in C:\xampp\htdocs\yiiblog\index.php (13)
2025/03/17 09:10:13 [error] [php] include(RecentComments.php): failed to open stream: No such file or directory (C:\xampp\htdocs\yiiblog\framework\YiiBase.php:463)
Stack trace:
#0 C:\xampp\htdocs\yiiblog\framework\YiiBase.php(463): include()
#1 unknown(0): autoload()
#2 unknown(0): spl_autoload_call()
#3 C:\xampp\htdocs\yiiblog\framework\YiiBase.php(310): class_exists()
#4 C:\xampp\htdocs\yiiblog\framework\web\CWidgetFactory.php(146): import()
#5 C:\xampp\htdocs\yiiblog\framework\web\CBaseController.php(146): CWidgetFactory->createWidget()
#6 C:\xampp\htdocs\yiiblog\framework\web\CBaseController.php(181): PostController->createWidget()
#7 C:\xampp\htdocs\yiiblog\protected\views\layouts\column2.php(17): PostController->widget()
#8 C:\xampp\htdocs\yiiblog\framework\web\CBaseController.php(126): require()
#9 C:\xampp\htdocs\yiiblog\framework\web\CBaseController.php(95): PostController->renderInternal()
#10 C:\xampp\htdocs\yiiblog\framework\web\CController.php(787): PostController->renderFile()
#11 C:\xampp\htdocs\yiiblog\protected\controllers\PostController.php(76): PostController->render()
#12 C:\xampp\htdocs\yiiblog\framework\web\actions\CInlineAction.php(49): PostController->actionCreate()
#13 C:\xampp\htdocs\yiiblog\framework\web\CController.php(308): CInlineAction->runWithParams()
#14 C:\xampp\htdocs\yiiblog\framework\web\filters\CFilterChain.php(134): PostController->runAction()
#15 C:\xampp\htdocs\yiiblog\framework\web\filters\CFilter.php(40): CFilterChain->run()
#16 C:\xampp\htdocs\yiiblog\framework\web\CController.php(1148): CAccessControlFilter->filter()
#17 C:\xampp\htdocs\yiiblog\framework\web\filters\CInlineFilter.php(58): PostController->filterAccessControl()
#18 C:\xampp\htdocs\yiiblog\framework\web\filters\CFilterChain.php(131): CInlineFilter->filter()
#19 C:\xampp\htdocs\yiiblog\framework\web\CController.php(291): CFilterChain->run()
#20 C:\xampp\htdocs\yiiblog\framework\web\CController.php(265): PostController->runActionWithFilters()
#21 C:\xampp\htdocs\yiiblog\framework\web\CWebApplication.php(282): PostController->run()
#22 C:\xampp\htdocs\yiiblog\framework\web\CWebApplication.php(141): CWebApplication->runController()
#23 C:\xampp\htdocs\yiiblog\framework\base\CApplication.php(185): CWebApplication->processRequest()
#24 C:\xampp\htdocs\yiiblog\index.php(13): CWebApplication->run()
REQUEST_URI=/yiiblog/index.php/post/create
in C:\xampp\htdocs\yiiblog\protected\views\layouts\column2.php (17)
in C:\xampp\htdocs\yiiblog\protected\controllers\PostController.php (76)
in C:\xampp\htdocs\yiiblog\index.php (13)
2025/03/17 09:10:13 [error] [php] include(RecentComments.php): failed to open stream: No such file or directory (C:\xampp\htdocs\yiiblog\framework\YiiBase.php:463)
Stack trace:
#0 C:\xampp\htdocs\yiiblog\framework\YiiBase.php(463): include()
#1 unknown(0): autoload()
#2 unknown(0): spl_autoload_call()
#3 C:\xampp\htdocs\yiiblog\framework\YiiBase.php(310): class_exists()
#4 C:\xampp\htdocs\yiiblog\framework\web\CWidgetFactory.php(146): import()
#5 C:\xampp\htdocs\yiiblog\framework\web\CBaseController.php(146): CWidgetFactory->createWidget()
#6 C:\xampp\htdocs\yiiblog\framework\web\CBaseController.php(181): PostController->createWidget()
#7 C:\xampp\htdocs\yiiblog\protected\views\layouts\column2.php(17): PostController->widget()
#8 C:\xampp\htdocs\yiiblog\framework\web\CBaseController.php(126): require()
#9 C:\xampp\htdocs\yiiblog\framework\web\CBaseController.php(95): PostController->renderInternal()
#10 C:\xampp\htdocs\yiiblog\framework\web\CController.php(787): PostController->renderFile()
#11 C:\xampp\htdocs\yiiblog\protected\controllers\PostController.php(159): PostController->render()
#12 C:\xampp\htdocs\yiiblog\framework\web\actions\CInlineAction.php(49): PostController->actionAdmin()
#13 C:\xampp\htdocs\yiiblog\framework\web\CController.php(308): CInlineAction->runWithParams()
#14 C:\xampp\htdocs\yiiblog\framework\web\filters\CFilterChain.php(134): PostController->runAction()
#15 C:\xampp\htdocs\yiiblog\framework\web\filters\CFilter.php(40): CFilterChain->run()
#16 C:\xampp\htdocs\yiiblog\framework\web\CController.php(1148): CAccessControlFilter->filter()
#17 C:\xampp\htdocs\yiiblog\framework\web\filters\CInlineFilter.php(58): PostController->filterAccessControl()
#18 C:\xampp\htdocs\yiiblog\framework\web\filters\CFilterChain.php(131): CInlineFilter->filter()
#19 C:\xampp\htdocs\yiiblog\framework\web\CController.php(291): CFilterChain->run()
#20 C:\xampp\htdocs\yiiblog\framework\web\CController.php(265): PostController->runActionWithFilters()
#21 C:\xampp\htdocs\yiiblog\framework\web\CWebApplication.php(282): PostController->run()
#22 C:\xampp\htdocs\yiiblog\framework\web\CWebApplication.php(141): CWebApplication->runController()
#23 C:\xampp\htdocs\yiiblog\framework\base\CApplication.php(185): CWebApplication->processRequest()
#24 C:\xampp\htdocs\yiiblog\index.php(13): CWebApplication->run()
REQUEST_URI=/yiiblog/index.php/post/admin
in C:\xampp\htdocs\yiiblog\protected\views\layouts\column2.php (17)
in C:\xampp\htdocs\yiiblog\protected\controllers\PostController.php (159)
in C:\xampp\htdocs\yiiblog\index.php (13)
2025/03/17 09:10:34 [error] [php] include(recentComments.php): failed to open stream: No such file or directory (C:\xampp\htdocs\yiiblog\framework\YiiBase.php:463)
Stack trace:
#0 C:\xampp\htdocs\yiiblog\framework\YiiBase.php(463): include()
#1 unknown(0): autoload()
#2 unknown(0): spl_autoload_call()
#3 C:\xampp\htdocs\yiiblog\framework\YiiBase.php(310): class_exists()
#4 C:\xampp\htdocs\yiiblog\framework\web\CWidgetFactory.php(146): import()
#5 C:\xampp\htdocs\yiiblog\framework\web\CBaseController.php(146): CWidgetFactory->createWidget()
#6 C:\xampp\htdocs\yiiblog\framework\web\CBaseController.php(181): PostController->createWidget()
#7 C:\xampp\htdocs\yiiblog\protected\views\layouts\column2.php(17): PostController->widget()
#8 C:\xampp\htdocs\yiiblog\framework\web\CBaseController.php(126): require()
#9 C:\xampp\htdocs\yiiblog\framework\web\CBaseController.php(95): PostController->renderInternal()
#10 C:\xampp\htdocs\yiiblog\framework\web\CController.php(787): PostController->renderFile()
#11 C:\xampp\htdocs\yiiblog\protected\controllers\PostController.php(159): PostController->render()
#12 C:\xampp\htdocs\yiiblog\framework\web\actions\CInlineAction.php(49): PostController->actionAdmin()
#13 C:\xampp\htdocs\yiiblog\framework\web\CController.php(308): CInlineAction->runWithParams()
#14 C:\xampp\htdocs\yiiblog\framework\web\filters\CFilterChain.php(134): PostController->runAction()
#15 C:\xampp\htdocs\yiiblog\framework\web\filters\CFilter.php(40): CFilterChain->run()
#16 C:\xampp\htdocs\yiiblog\framework\web\CController.php(1148): CAccessControlFilter->filter()
#17 C:\xampp\htdocs\yiiblog\framework\web\filters\CInlineFilter.php(58): PostController->filterAccessControl()
#18 C:\xampp\htdocs\yiiblog\framework\web\filters\CFilterChain.php(131): CInlineFilter->filter()
#19 C:\xampp\htdocs\yiiblog\framework\web\CController.php(291): CFilterChain->run()
#20 C:\xampp\htdocs\yiiblog\framework\web\CController.php(265): PostController->runActionWithFilters()
#21 C:\xampp\htdocs\yiiblog\framework\web\CWebApplication.php(282): PostController->run()
#22 C:\xampp\htdocs\yiiblog\framework\web\CWebApplication.php(141): CWebApplication->runController()
#23 C:\xampp\htdocs\yiiblog\framework\base\CApplication.php(185): CWebApplication->processRequest()
#24 C:\xampp\htdocs\yiiblog\index.php(13): CWebApplication->run()
REQUEST_URI=/yiiblog/index.php/post/admin
in C:\xampp\htdocs\yiiblog\protected\views\layouts\column2.php (17)
in C:\xampp\htdocs\yiiblog\protected\controllers\PostController.php (159)
in C:\xampp\htdocs\yiiblog\index.php (13)
2025/03/17 09:10:38 [error] [php] include(RecentComments.php): failed to open stream: No such file or directory (C:\xampp\htdocs\yiiblog\framework\YiiBase.php:463)
Stack trace:
#0 C:\xampp\htdocs\yiiblog\framework\YiiBase.php(463): include()
#1 unknown(0): autoload()
#2 unknown(0): spl_autoload_call()
#3 C:\xampp\htdocs\yiiblog\framework\YiiBase.php(310): class_exists()
#4 C:\xampp\htdocs\yiiblog\framework\web\CWidgetFactory.php(146): import()
#5 C:\xampp\htdocs\yiiblog\framework\web\CBaseController.php(146): CWidgetFactory->createWidget()
#6 C:\xampp\htdocs\yiiblog\framework\web\CBaseController.php(181): PostController->createWidget()
#7 C:\xampp\htdocs\yiiblog\protected\views\layouts\column2.php(17): PostController->widget()
#8 C:\xampp\htdocs\yiiblog\framework\web\CBaseController.php(126): require()
#9 C:\xampp\htdocs\yiiblog\framework\web\CBaseController.php(95): PostController->renderInternal()
#10 C:\xampp\htdocs\yiiblog\framework\web\CController.php(787): PostController->renderFile()
#11 C:\xampp\htdocs\yiiblog\protected\controllers\PostController.php(159): PostController->render()
#12 C:\xampp\htdocs\yiiblog\framework\web\actions\CInlineAction.php(49): PostController->actionAdmin()
#13 C:\xampp\htdocs\yiiblog\framework\web\CController.php(308): CInlineAction->runWithParams()
#14 C:\xampp\htdocs\yiiblog\framework\web\filters\CFilterChain.php(134): PostController->runAction()
#15 C:\xampp\htdocs\yiiblog\framework\web\filters\CFilter.php(40): CFilterChain->run()
#16 C:\xampp\htdocs\yiiblog\framework\web\CController.php(1148): CAccessControlFilter->filter()
#17 C:\xampp\htdocs\yiiblog\framework\web\filters\CInlineFilter.php(58): PostController->filterAccessControl()
#18 C:\xampp\htdocs\yiiblog\framework\web\filters\CFilterChain.php(131): CInlineFilter->filter()
#19 C:\xampp\htdocs\yiiblog\framework\web\CController.php(291): CFilterChain->run()
#20 C:\xampp\htdocs\yiiblog\framework\web\CController.php(265): PostController->runActionWithFilters()
#21 C:\xampp\htdocs\yiiblog\framework\web\CWebApplication.php(282): PostController->run()
#22 C:\xampp\htdocs\yiiblog\framework\web\CWebApplication.php(141): CWebApplication->runController()
#23 C:\xampp\htdocs\yiiblog\framework\base\CApplication.php(185): CWebApplication->processRequest()
#24 C:\xampp\htdocs\yiiblog\index.php(13): CWebApplication->run()
REQUEST_URI=/yiiblog/index.php/post/admin
in C:\xampp\htdocs\yiiblog\protected\views\layouts\column2.php (17)
in C:\xampp\htdocs\yiiblog\protected\controllers\PostController.php (159)
in C:\xampp\htdocs\yiiblog\index.php (13)
2025/03/17 09:12:44 [error] [php] include(RecentComments.php): failed to open stream: No such file or directory (C:\xampp\htdocs\yiiblog\framework\YiiBase.php:463)
Stack trace:
#0 C:\xampp\htdocs\yiiblog\framework\YiiBase.php(463): include()
#1 unknown(0): autoload()
#2 unknown(0): spl_autoload_call()
#3 C:\xampp\htdocs\yiiblog\framework\YiiBase.php(310): class_exists()
#4 C:\xampp\htdocs\yiiblog\framework\web\CWidgetFactory.php(146): import()
#5 C:\xampp\htdocs\yiiblog\framework\web\CBaseController.php(146): CWidgetFactory->createWidget()
#6 C:\xampp\htdocs\yiiblog\framework\web\CBaseController.php(181): PostController->createWidget()
#7 C:\xampp\htdocs\yiiblog\protected\views\layouts\column2.php(17): PostController->widget()
#8 C:\xampp\htdocs\yiiblog\framework\web\CBaseController.php(126): require()
#9 C:\xampp\htdocs\yiiblog\framework\web\CBaseController.php(95): PostController->renderInternal()
#10 C:\xampp\htdocs\yiiblog\framework\web\CController.php(787): PostController->renderFile()
#11 C:\xampp\htdocs\yiiblog\protected\controllers\PostController.php(159): PostController->render()
#12 C:\xampp\htdocs\yiiblog\framework\web\actions\CInlineAction.php(49): PostController->actionAdmin()
#13 C:\xampp\htdocs\yiiblog\framework\web\CController.php(308): CInlineAction->runWithParams()
#14 C:\xampp\htdocs\yiiblog\framework\web\filters\CFilterChain.php(134): PostController->runAction()
#15 C:\xampp\htdocs\yiiblog\framework\web\filters\CFilter.php(40): CFilterChain->run()
#16 C:\xampp\htdocs\yiiblog\framework\web\CController.php(1148): CAccessControlFilter->filter()
#17 C:\xampp\htdocs\yiiblog\framework\web\filters\CInlineFilter.php(58): PostController->filterAccessControl()
#18 C:\xampp\htdocs\yiiblog\framework\web\filters\CFilterChain.php(131): CInlineFilter->filter()
#19 C:\xampp\htdocs\yiiblog\framework\web\CController.php(291): CFilterChain->run()
#20 C:\xampp\htdocs\yiiblog\framework\web\CController.php(265): PostController->runActionWithFilters()
#21 C:\xampp\htdocs\yiiblog\framework\web\CWebApplication.php(282): PostController->run()
#22 C:\xampp\htdocs\yiiblog\framework\web\CWebApplication.php(141): CWebApplication->runController()
#23 C:\xampp\htdocs\yiiblog\framework\base\CApplication.php(185): CWebApplication->processRequest()
#24 C:\xampp\htdocs\yiiblog\index.php(13): CWebApplication->run()
REQUEST_URI=/yiiblog/index.php/post/admin
in C:\xampp\htdocs\yiiblog\protected\views\layouts\column2.php (17)
in C:\xampp\htdocs\yiiblog\protected\controllers\PostController.php (159)
in C:\xampp\htdocs\yiiblog\index.php (13)
2025/03/17 09:14:10 [error] [php] include(RecentComments.php): failed to open stream: No such file or directory (C:\xampp\htdocs\yiiblog\framework\YiiBase.php:463)
Stack trace:
#0 C:\xampp\htdocs\yiiblog\framework\YiiBase.php(463): include()
#1 unknown(0): autoload()
#2 unknown(0): spl_autoload_call()
#3 C:\xampp\htdocs\yiiblog\framework\YiiBase.php(310): class_exists()
#4 C:\xampp\htdocs\yiiblog\framework\web\CWidgetFactory.php(146): import()
#5 C:\xampp\htdocs\yiiblog\framework\web\CBaseController.php(146): CWidgetFactory->createWidget()
#6 C:\xampp\htdocs\yiiblog\framework\web\CBaseController.php(181): PostController->createWidget()
#7 C:\xampp\htdocs\yiiblog\protected\views\layouts\column2.php(17): PostController->widget()
#8 C:\xampp\htdocs\yiiblog\framework\web\CBaseController.php(126): require()
#9 C:\xampp\htdocs\yiiblog\framework\web\CBaseController.php(95): PostController->renderInternal()
#10 C:\xampp\htdocs\yiiblog\framework\web\CController.php(787): PostController->renderFile()
#11 C:\xampp\htdocs\yiiblog\protected\controllers\PostController.php(159): PostController->render()
#12 C:\xampp\htdocs\yiiblog\framework\web\actions\CInlineAction.php(49): PostController->actionAdmin()
#13 C:\xampp\htdocs\yiiblog\framework\web\CController.php(308): CInlineAction->runWithParams()
#14 C:\xampp\htdocs\yiiblog\framework\web\filters\CFilterChain.php(134): PostController->runAction()
#15 C:\xampp\htdocs\yiiblog\framework\web\filters\CFilter.php(40): CFilterChain->run()
#16 C:\xampp\htdocs\yiiblog\framework\web\CController.php(1148): CAccessControlFilter->filter()
#17 C:\xampp\htdocs\yiiblog\framework\web\filters\CInlineFilter.php(58): PostController->filterAccessControl()
#18 C:\xampp\htdocs\yiiblog\framework\web\filters\CFilterChain.php(131): CInlineFilter->filter()
#19 C:\xampp\htdocs\yiiblog\framework\web\CController.php(291): CFilterChain->run()
#20 C:\xampp\htdocs\yiiblog\framework\web\CController.php(265): PostController->runActionWithFilters()
#21 C:\xampp\htdocs\yiiblog\framework\web\CWebApplication.php(282): PostController->run()
#22 C:\xampp\htdocs\yiiblog\framework\web\CWebApplication.php(141): CWebApplication->runController()
#23 C:\xampp\htdocs\yiiblog\framework\base\CApplication.php(185): CWebApplication->processRequest()
#24 C:\xampp\htdocs\yiiblog\index.php(13): CWebApplication->run()
REQUEST_URI=/yiiblog/index.php/post/admin
in C:\xampp\htdocs\yiiblog\protected\views\layouts\column2.php (17)
in C:\xampp\htdocs\yiiblog\protected\controllers\PostController.php (159)
in C:\xampp\htdocs\yiiblog\index.php (13)
2025/03/17 09:14:14 [error] [php] include(RecentComments.php): failed to open stream: No such file or directory (C:\xampp\htdocs\yiiblog\framework\YiiBase.php:463)
Stack trace:
#0 C:\xampp\htdocs\yiiblog\framework\YiiBase.php(463): include()
#1 unknown(0): autoload()
#2 unknown(0): spl_autoload_call()
#3 C:\xampp\htdocs\yiiblog\framework\YiiBase.php(310): class_exists()
#4 C:\xampp\htdocs\yiiblog\framework\web\CWidgetFactory.php(146): import()
#5 C:\xampp\htdocs\yiiblog\framework\web\CBaseController.php(146): CWidgetFactory->createWidget()
#6 C:\xampp\htdocs\yiiblog\framework\web\CBaseController.php(181): CommentController->createWidget()
#7 C:\xampp\htdocs\yiiblog\protected\views\layouts\column2.php(17): CommentController->widget()
#8 C:\xampp\htdocs\yiiblog\framework\web\CBaseController.php(126): require()
#9 C:\xampp\htdocs\yiiblog\framework\web\CBaseController.php(95): CommentController->renderInternal()
#10 C:\xampp\htdocs\yiiblog\framework\web\CController.php(787): CommentController->renderFile()
#11 C:\xampp\htdocs\yiiblog\protected\controllers\CommentController.php(139): CommentController->render()
#12 C:\xampp\htdocs\yiiblog\framework\web\actions\CInlineAction.php(49): CommentController->actionIndex()
#13 C:\xampp\htdocs\yiiblog\framework\web\CController.php(308): CInlineAction->runWithParams()
#14 C:\xampp\htdocs\yiiblog\framework\web\filters\CFilterChain.php(134): CommentController->runAction()
#15 C:\xampp\htdocs\yiiblog\framework\web\filters\CFilter.php(40): CFilterChain->run()
#16 C:\xampp\htdocs\yiiblog\framework\web\CController.php(1148): CAccessControlFilter->filter()
#17 C:\xampp\htdocs\yiiblog\framework\web\filters\CInlineFilter.php(58): CommentController->filterAccessControl()
#18 C:\xampp\htdocs\yiiblog\framework\web\filters\CFilterChain.php(131): CInlineFilter->filter()
#19 C:\xampp\htdocs\yiiblog\framework\web\CController.php(291): CFilterChain->run()
#20 C:\xampp\htdocs\yiiblog\framework\web\CController.php(265): CommentController->runActionWithFilters()
#21 C:\xampp\htdocs\yiiblog\framework\web\CWebApplication.php(282): CommentController->run()
#22 C:\xampp\htdocs\yiiblog\framework\web\CWebApplication.php(141): CWebApplication->runController()
#23 C:\xampp\htdocs\yiiblog\framework\base\CApplication.php(185): CWebApplication->processRequest()
#24 C:\xampp\htdocs\yiiblog\index.php(13): CWebApplication->run()
REQUEST_URI=/yiiblog/index.php/comment
in C:\xampp\htdocs\yiiblog\protected\views\layouts\column2.php (17)
in C:\xampp\htdocs\yiiblog\protected\controllers\CommentController.php (139)
in C:\xampp\htdocs\yiiblog\index.php (13)
2025/03/17 09:14:15 [error] [php] include(RecentComments.php): failed to open stream: No such file or directory (C:\xampp\htdocs\yiiblog\framework\YiiBase.php:463)
Stack trace:
#0 C:\xampp\htdocs\yiiblog\framework\YiiBase.php(463): include()
#1 unknown(0): autoload()
#2 unknown(0): spl_autoload_call()
#3 C:\xampp\htdocs\yiiblog\framework\YiiBase.php(310): class_exists()
#4 C:\xampp\htdocs\yiiblog\framework\web\CWidgetFactory.php(146): import()
#5 C:\xampp\htdocs\yiiblog\framework\web\CBaseController.php(146): CWidgetFactory->createWidget()
#6 C:\xampp\htdocs\yiiblog\framework\web\CBaseController.php(181): CommentController->createWidget()
#7 C:\xampp\htdocs\yiiblog\protected\views\layouts\column2.php(17): CommentController->widget()
#8 C:\xampp\htdocs\yiiblog\framework\web\CBaseController.php(126): require()
#9 C:\xampp\htdocs\yiiblog\framework\web\CBaseController.php(95): CommentController->renderInternal()
#10 C:\xampp\htdocs\yiiblog\framework\web\CController.php(787): CommentController->renderFile()
#11 C:\xampp\htdocs\yiiblog\protected\controllers\CommentController.php(139): CommentController->render()
#12 C:\xampp\htdocs\yiiblog\framework\web\actions\CInlineAction.php(49): CommentController->actionIndex()
#13 C:\xampp\htdocs\yiiblog\framework\web\CController.php(308): CInlineAction->runWithParams()
#14 C:\xampp\htdocs\yiiblog\framework\web\filters\CFilterChain.php(134): CommentController->runAction()
#15 C:\xampp\htdocs\yiiblog\framework\web\filters\CFilter.php(40): CFilterChain->run()
#16 C:\xampp\htdocs\yiiblog\framework\web\CController.php(1148): CAccessControlFilter->filter()
#17 C:\xampp\htdocs\yiiblog\framework\web\filters\CInlineFilter.php(58): CommentController->filterAccessControl()
#18 C:\xampp\htdocs\yiiblog\framework\web\filters\CFilterChain.php(131): CInlineFilter->filter()
#19 C:\xampp\htdocs\yiiblog\framework\web\CController.php(291): CFilterChain->run()
#20 C:\xampp\htdocs\yiiblog\framework\web\CController.php(265): CommentController->runActionWithFilters()
#21 C:\xampp\htdocs\yiiblog\framework\web\CWebApplication.php(282): CommentController->run()
#22 C:\xampp\htdocs\yiiblog\framework\web\CWebApplication.php(141): CWebApplication->runController()
#23 C:\xampp\htdocs\yiiblog\framework\base\CApplication.php(185): CWebApplication->processRequest()
#24 C:\xampp\htdocs\yiiblog\index.php(13): CWebApplication->run()
REQUEST_URI=/yiiblog/index.php/comment
in C:\xampp\htdocs\yiiblog\protected\views\layouts\column2.php (17)
in C:\xampp\htdocs\yiiblog\protected\controllers\CommentController.php (139)
in C:\xampp\htdocs\yiiblog\index.php (13)
2025/03/17 09:15:03 [error] [php] include(RecentComments.php): failed to open stream: No such file or directory (C:\xampp\htdocs\yiiblog\framework\YiiBase.php:463)
Stack trace:
#0 C:\xampp\htdocs\yiiblog\framework\YiiBase.php(463): include()
#1 unknown(0): autoload()
#2 unknown(0): spl_autoload_call()
#3 C:\xampp\htdocs\yiiblog\framework\YiiBase.php(310): class_exists()
#4 C:\xampp\htdocs\yiiblog\framework\web\CWidgetFactory.php(146): import()
#5 C:\xampp\htdocs\yiiblog\framework\web\CBaseController.php(146): CWidgetFactory->createWidget()
#6 C:\xampp\htdocs\yiiblog\framework\web\CBaseController.php(181): CommentController->createWidget()
#7 C:\xampp\htdocs\yiiblog\protected\views\layouts\column2.php(17): CommentController->widget()
#8 C:\xampp\htdocs\yiiblog\framework\web\CBaseController.php(126): require()
#9 C:\xampp\htdocs\yiiblog\framework\web\CBaseController.php(95): CommentController->renderInternal()
#10 C:\xampp\htdocs\yiiblog\framework\web\CController.php(787): CommentController->renderFile()
#11 C:\xampp\htdocs\yiiblog\protected\controllers\CommentController.php(139): CommentController->render()
#12 C:\xampp\htdocs\yiiblog\framework\web\actions\CInlineAction.php(49): CommentController->actionIndex()
#13 C:\xampp\htdocs\yiiblog\framework\web\CController.php(308): CInlineAction->runWithParams()
#14 C:\xampp\htdocs\yiiblog\framework\web\filters\CFilterChain.php(134): CommentController->runAction()
#15 C:\xampp\htdocs\yiiblog\framework\web\filters\CFilter.php(40): CFilterChain->run()
#16 C:\xampp\htdocs\yiiblog\framework\web\CController.php(1148): CAccessControlFilter->filter()
#17 C:\xampp\htdocs\yiiblog\framework\web\filters\CInlineFilter.php(58): CommentController->filterAccessControl()
#18 C:\xampp\htdocs\yiiblog\framework\web\filters\CFilterChain.php(131): CInlineFilter->filter()
#19 C:\xampp\htdocs\yiiblog\framework\web\CController.php(291): CFilterChain->run()
#20 C:\xampp\htdocs\yiiblog\framework\web\CController.php(265): CommentController->runActionWithFilters()
#21 C:\xampp\htdocs\yiiblog\framework\web\CWebApplication.php(282): CommentController->run()
#22 C:\xampp\htdocs\yiiblog\framework\web\CWebApplication.php(141): CWebApplication->runController()
#23 C:\xampp\htdocs\yiiblog\framework\base\CApplication.php(185): CWebApplication->processRequest()
#24 C:\xampp\htdocs\yiiblog\index.php(13): CWebApplication->run()
REQUEST_URI=/yiiblog/index.php/comment
in C:\xampp\htdocs\yiiblog\protected\views\layouts\column2.php (17)
in C:\xampp\htdocs\yiiblog\protected\controllers\CommentController.php (139)
in C:\xampp\htdocs\yiiblog\index.php (13)
2025/03/17 09:15:04 [error] [php] include(RecentComments.php): failed to open stream: No such file or directory (C:\xampp\htdocs\yiiblog\framework\YiiBase.php:463)
Stack trace:
#0 C:\xampp\htdocs\yiiblog\framework\YiiBase.php(463): include()
#1 unknown(0): autoload()
#2 unknown(0): spl_autoload_call()
#3 C:\xampp\htdocs\yiiblog\framework\YiiBase.php(310): class_exists()
#4 C:\xampp\htdocs\yiiblog\framework\web\CWidgetFactory.php(146): import()
#5 C:\xampp\htdocs\yiiblog\framework\web\CBaseController.php(146): CWidgetFactory->createWidget()
#6 C:\xampp\htdocs\yiiblog\framework\web\CBaseController.php(181): CommentController->createWidget()
#7 C:\xampp\htdocs\yiiblog\protected\views\layouts\column2.php(17): CommentController->widget()
#8 C:\xampp\htdocs\yiiblog\framework\web\CBaseController.php(126): require()
#9 C:\xampp\htdocs\yiiblog\framework\web\CBaseController.php(95): CommentController->renderInternal()
#10 C:\xampp\htdocs\yiiblog\framework\web\CController.php(787): CommentController->renderFile()
#11 C:\xampp\htdocs\yiiblog\protected\controllers\CommentController.php(139): CommentController->render()
#12 C:\xampp\htdocs\yiiblog\framework\web\actions\CInlineAction.php(49): CommentController->actionIndex()
#13 C:\xampp\htdocs\yiiblog\framework\web\CController.php(308): CInlineAction->runWithParams()
#14 C:\xampp\htdocs\yiiblog\framework\web\filters\CFilterChain.php(134): CommentController->runAction()
#15 C:\xampp\htdocs\yiiblog\framework\web\filters\CFilter.php(40): CFilterChain->run()
#16 C:\xampp\htdocs\yiiblog\framework\web\CController.php(1148): CAccessControlFilter->filter()
#17 C:\xampp\htdocs\yiiblog\framework\web\filters\CInlineFilter.php(58): CommentController->filterAccessControl()
#18 C:\xampp\htdocs\yiiblog\framework\web\filters\CFilterChain.php(131): CInlineFilter->filter()
#19 C:\xampp\htdocs\yiiblog\framework\web\CController.php(291): CFilterChain->run()
#20 C:\xampp\htdocs\yiiblog\framework\web\CController.php(265): CommentController->runActionWithFilters()
#21 C:\xampp\htdocs\yiiblog\framework\web\CWebApplication.php(282): CommentController->run()
#22 C:\xampp\htdocs\yiiblog\framework\web\CWebApplication.php(141): CWebApplication->runController()
#23 C:\xampp\htdocs\yiiblog\framework\base\CApplication.php(185): CWebApplication->processRequest()
#24 C:\xampp\htdocs\yiiblog\index.php(13): CWebApplication->run()
REQUEST_URI=/yiiblog/index.php/comment
in C:\xampp\htdocs\yiiblog\protected\views\layouts\column2.php (17)
in C:\xampp\htdocs\yiiblog\protected\controllers\CommentController.php (139)
in C:\xampp\htdocs\yiiblog\index.php (13)
2025/03/17 09:15:07 [error] [php] include(RecentComments.php): failed to open stream: No such file or directory (C:\xampp\htdocs\yiiblog\framework\YiiBase.php:463)
Stack trace:
#0 C:\xampp\htdocs\yiiblog\framework\YiiBase.php(463): include()
#1 unknown(0): autoload()
#2 unknown(0): spl_autoload_call()
#3 C:\xampp\htdocs\yiiblog\framework\YiiBase.php(310): class_exists()
#4 C:\xampp\htdocs\yiiblog\framework\web\CWidgetFactory.php(146): import()
#5 C:\xampp\htdocs\yiiblog\framework\web\CBaseController.php(146): CWidgetFactory->createWidget()
#6 C:\xampp\htdocs\yiiblog\framework\web\CBaseController.php(181): CommentController->createWidget()
#7 C:\xampp\htdocs\yiiblog\protected\views\layouts\column2.php(17): CommentController->widget()
#8 C:\xampp\htdocs\yiiblog\framework\web\CBaseController.php(126): require()
#9 C:\xampp\htdocs\yiiblog\framework\web\CBaseController.php(95): CommentController->renderInternal()
#10 C:\xampp\htdocs\yiiblog\framework\web\CController.php(787): CommentController->renderFile()
#11 C:\xampp\htdocs\yiiblog\protected\controllers\CommentController.php(139): CommentController->render()
#12 C:\xampp\htdocs\yiiblog\framework\web\actions\CInlineAction.php(49): CommentController->actionIndex()
#13 C:\xampp\htdocs\yiiblog\framework\web\CController.php(308): CInlineAction->runWithParams()
#14 C:\xampp\htdocs\yiiblog\framework\web\filters\CFilterChain.php(134): CommentController->runAction()
#15 C:\xampp\htdocs\yiiblog\framework\web\filters\CFilter.php(40): CFilterChain->run()
#16 C:\xampp\htdocs\yiiblog\framework\web\CController.php(1148): CAccessControlFilter->filter()
#17 C:\xampp\htdocs\yiiblog\framework\web\filters\CInlineFilter.php(58): CommentController->filterAccessControl()
#18 C:\xampp\htdocs\yiiblog\framework\web\filters\CFilterChain.php(131): CInlineFilter->filter()
#19 C:\xampp\htdocs\yiiblog\framework\web\CController.php(291): CFilterChain->run()
#20 C:\xampp\htdocs\yiiblog\framework\web\CController.php(265): CommentController->runActionWithFilters()
#21 C:\xampp\htdocs\yiiblog\framework\web\CWebApplication.php(282): CommentController->run()
#22 C:\xampp\htdocs\yiiblog\framework\web\CWebApplication.php(141): CWebApplication->runController()
#23 C:\xampp\htdocs\yiiblog\framework\base\CApplication.php(185): CWebApplication->processRequest()
#24 C:\xampp\htdocs\yiiblog\index.php(13): CWebApplication->run()
REQUEST_URI=/yiiblog/index.php/comment
in C:\xampp\htdocs\yiiblog\protected\views\layouts\column2.php (17)
in C:\xampp\htdocs\yiiblog\protected\controllers\CommentController.php (139)
in C:\xampp\htdocs\yiiblog\index.php (13)
2025/03/17 09:36:03 [warning] [application] Failed to set unsafe attribute "create_time" of "Post".
in C:\xampp\htdocs\yiiblog\protected\controllers\PostController.php (69)
in C:\xampp\htdocs\yiiblog\index.php (13)
2025/03/17 09:36:03 [warning] [application] Failed to set unsafe attribute "update_time" of "Post".
in C:\xampp\htdocs\yiiblog\protected\controllers\PostController.php (69)
in C:\xampp\htdocs\yiiblog\index.php (13)
2025/03/17 09:36:03 [warning] [application] Failed to set unsafe attribute "author_id" of "Post".
in C:\xampp\htdocs\yiiblog\protected\controllers\PostController.php (69)
in C:\xampp\htdocs\yiiblog\index.php (13)
2025/03/17 09:36:20 [warning] [application] Failed to set unsafe attribute "create_time" of "Comment".
in C:\xampp\htdocs\yiiblog\protected\controllers\PostController.php (207)
in C:\xampp\htdocs\yiiblog\protected\controllers\PostController.php (49)
in C:\xampp\htdocs\yiiblog\index.php (13)
2025/03/17 09:36:20 [warning] [application] Failed to set unsafe attribute "post_id" of "Comment".
in C:\xampp\htdocs\yiiblog\protected\controllers\PostController.php (207)
in C:\xampp\htdocs\yiiblog\protected\controllers\PostController.php (49)
in C:\xampp\htdocs\yiiblog\index.php (13)
2025/03/17 09:36:22 [warning] [application] Failed to set unsafe attribute "create_time" of "Comment".
in C:\xampp\htdocs\yiiblog\protected\controllers\PostController.php (207)
in C:\xampp\htdocs\yiiblog\protected\controllers\PostController.php (49)
in C:\xampp\htdocs\yiiblog\index.php (13)
2025/03/17 09:36:22 [warning] [application] Failed to set unsafe attribute "post_id" of "Comment".
in C:\xampp\htdocs\yiiblog\protected\controllers\PostController.php (207)
in C:\xampp\htdocs\yiiblog\protected\controllers\PostController.php (49)
in C:\xampp\htdocs\yiiblog\index.php (13)
2025/03/17 09:36:25 [warning] [application] Failed to set unsafe attribute "create_time" of "Comment".
in C:\xampp\htdocs\yiiblog\protected\controllers\PostController.php (207)
in C:\xampp\htdocs\yiiblog\protected\controllers\PostController.php (49)
in C:\xampp\htdocs\yiiblog\index.php (13)
2025/03/17 09:36:25 [warning] [application] Failed to set unsafe attribute "post_id" of "Comment".
in C:\xampp\htdocs\yiiblog\protected\controllers\PostController.php (207)
in C:\xampp\htdocs\yiiblog\protected\controllers\PostController.php (49)
in C:\xampp\htdocs\yiiblog\index.php (13)
2025/03/17 09:36:26 [warning] [application] Failed to set unsafe attribute "create_time" of "Comment".
in C:\xampp\htdocs\yiiblog\protected\controllers\PostController.php (212)
in C:\xampp\htdocs\yiiblog\protected\controllers\PostController.php (49)
in C:\xampp\htdocs\yiiblog\index.php (13)
2025/03/17 09:36:26 [warning] [application] Failed to set unsafe attribute "post_id" of "Comment".
in C:\xampp\htdocs\yiiblog\protected\controllers\PostController.php (212)
in C:\xampp\htdocs\yiiblog\protected\controllers\PostController.php (49)
in C:\xampp\htdocs\yiiblog\index.php (13)
2025/03/17 09:43:31 [error] [exception.CHttpException.404] CHttpException: Unable to resolve the request "sitre". in C:\xampp\htdocs\yiiblog\framework\web\CWebApplication.php:286
Stack trace:
#0 C:\xampp\htdocs\yiiblog\framework\web\CWebApplication.php(141): CWebApplication->runController('sitre')
#1 C:\xampp\htdocs\yiiblog\framework\base\CApplication.php(185): CWebApplication->processRequest()
#2 C:\xampp\htdocs\yiiblog\index.php(13): CApplication->run()
#3 {main}
REQUEST_URI=/yiiblog/index.php/sitre
---
2025/03/17 09:43:39 [error] [exception.CHttpException.404] CHttpException: The system is unable to find the requested action "view". in C:\xampp\htdocs\yiiblog\framework\web\CController.php:486
Stack trace:
#0 C:\xampp\htdocs\yiiblog\framework\web\CController.php(270): CController->missingAction('view')
#1 C:\xampp\htdocs\yiiblog\framework\web\CWebApplication.php(282): CController->run('view')
#2 C:\xampp\htdocs\yiiblog\framework\web\CWebApplication.php(141): CWebApplication->runController('site/view')
#3 C:\xampp\htdocs\yiiblog\framework\base\CApplication.php(185): CWebApplication->processRequest()
#4 C:\xampp\htdocs\yiiblog\index.php(13): CApplication->run()
#5 {main}
REQUEST_URI=/yiiblog/index.php/site/view
---
